// Jest Snapshot v1, https://goo.gl/fbAQLP

exports[`<VectorAuthFooter /> should match snapshot 1`] = `
<DocumentFragment>
  <footer
    class="mx_AuthFooter"
    role="contentinfo"
  >
    <a
      href="https://superhero.com"
      rel="noreferrer noopener"
      target="_blank"
    >
      Blog
    </a>
    <a
      href="https://twitter.com/superhero"
      rel="noreferrer noopener"
      target="_blank"
    >
      Twitter
    </a>
    <a
      href="https://github.com/superhero-com/element-web"
      rel="noreferrer noopener"
      target="_blank"
    >
      GitHub
    </a>
    <a
      href="https://matrix.org"
      rel="noreferrer noopener"
      target="_blank"
    >
      Powered by Matrix
    </a>
  </footer>
</DocumentFragment>
`;
